// Jest Snapshot v1, https://goo.gl/fbAQLP

exports[`<PortfolioCard /> should render correctly 1`] = `
<GalleryItem>
  <div
    className=""
  >
    <Card
      className="content-gallery-card"
    >
      <CardHeader>
        <PortfolioCardHeader
          headerActions={
            Array [
              <Dropdown
                dropdownItems={
                  Array [
                    <DropdownItem>
                      <Link
                        className="pf-c-dropdown__menu-item"
                        to="/portfolios/share/123"
                      >
                        Share
                      </Link>
                    </DropdownItem>,
                    <DropdownSeparator />,
                    <DropdownItem>
                      <Link
                        className="pf-c-dropdown__menu-item"
                        to="/portfolios/edit/123"
                      >
                        Edit
                      </Link>
                    </DropdownItem>,
                    <DropdownItem>
                      <Link
                        className="pf-c-dropdown__menu-item destructive-color"
                        to="/portfolios/remove/123"
                      >
                        Delete
                      </Link>
                    </DropdownItem>,
                  ]
                }
                isOpen={false}
                isPlain={true}
                onSelect={[Function]}
                position="right"
                toggle={
                  <KebabToggle
                    onToggle={[Function]}
                  />
                }
              />,
            ]
          }
          portfolioName="name"
          route="/portfolios/detail/123"
        />
      </CardHeader>
      <CardBody
        className="pf-u-pl-0 pf-u-pr-0 pf-u-pb-0"
      >
        <Link
          className="card-link pf-u-display-block pf-u-pl-lg pf-u-pr-lg"
          to="/portfolios/detail/123"
        >
          <TextContent>
            <Text
              component="small"
            >
              Last modified NaN days ago by Owner.
            </Text>
          </TextContent>
          <ItemDetails
            created_at="created at"
            description="description"
            modified="modified"
            name="name"
            owner="Owner"
            portfolioName="foo"
            toDisplay={
              Array [
                "description",
              ]
            }
          />
        </Link>
      </CardBody>
      <CardFooter />
    </Card>
  </div>
</GalleryItem>
`;
