// Jest Snapshot v1, https://goo.gl/fbAQLP

exports[`<PlatformCard /> should render correctly 1`] = `
<PlatformCard
  id="Foo"
>
  <GalleryItem>
    <div>
      <Styled(Card)
        key="Foo"
        ouiaId="platform-Foo"
      >
        <Card
          className="sc-AxhUy kEBXQD"
          ouiaId="platform-Foo"
        >
          <article
            className="pf-c-card sc-AxhUy kEBXQD"
            data-ouia-component-id="platform-Foo"
            data-ouia-component-type="PF4/Card"
            data-ouia-safe={true}
            id=""
          >
            <CardHeader>
              <div
                className="pf-c-card__header"
              >
                <CardIcon
                  height={40}
                  sourceId="Foo"
                >
                  <styled.div
                    height={40}
                  >
                    <div
                      className="sc-fznKkj dHxwEL"
                      height={40}
                    >
                      <IconPlaceholder
                        height={40}
                      >
                        <svg
                          height={40}
                          width={40}
                        >
                          <circle
                            cx={20}
                            cy={20}
                            fill="#ecebeb"
                            r={20}
                          />
                        </svg>
                      </IconPlaceholder>
                      <Styled(t)
                        delayTime={0}
                        height={0}
                        hidden={true}
                        onError={[Function]}
                        onLoad={[Function]}
                        threshold={2000}
                      >
                        <t
                          afterLoad={[Function]}
                          beforeLoad={[Function]}
                          className="sc-fznyAO eTyGtP"
                          delayMethod="throttle"
                          delayTime={0}
                          effect=""
                          height={0}
                          hidden={true}
                          onError={[Function]}
                          onLoad={[Function]}
                          placeholderSrc={null}
                          threshold={2000}
                          useIntersectionObserver={true}
                          visibleByDefault={false}
                          wrapperClassName=""
                        >
                          <t
                            afterLoad={[Function]}
                            beforeLoad={[Function]}
                            className="sc-fznyAO eTyGtP"
                            delayMethod="throttle"
                            delayTime={0}
                            height={0}
                            threshold={2000}
                            useIntersectionObserver={true}
                            visibleByDefault={false}
                          >
                            <img
                              className="sc-fznyAO eTyGtP"
                              height={0}
                              hidden={true}
                              onError={[Function]}
                              onLoad={[Function]}
                            />
                          </t>
                        </t>
                      </Styled(t)>
                    </div>
                  </styled.div>
                </CardIcon>
              </div>
            </CardHeader>
            <Styled(CardBody)>
              <CardBody
                className="sc-AxheI jOYejY"
              >
                <div
                  className="pf-c-card__body sc-AxheI jOYejY"
                >
                  <TextContent>
                    <div
                      className="pf-c-content"
                    >
                      <CatalogLink
                        pathname="/platform/platform-templates"
                        searchParams={
                          Object {
                            "platform": "Foo",
                          }
                        }
                      >
                        <Styled(Component)
                          to={
                            Object {
                              "hash": undefined,
                              "pathname": "/platform/platform-templates",
                              "search": "?platform=Foo",
                            }
                          }
                        >
                          <Component
                            className="sc-AxiKw drCTeX"
                            to={
                              Object {
                                "hash": undefined,
                                "pathname": "/platform/platform-templates",
                                "search": "?platform=Foo",
                              }
                            }
                          >
                            <Link
                              className="sc-AxiKw drCTeX"
                              to={
                                Object {
                                  "hash": undefined,
                                  "pathname": "/platform/platform-templates",
                                  "search": "?platform=Foo",
                                }
                              }
                            >
                              <LinkAnchor
                                className="sc-AxiKw drCTeX"
                                href="/platform/platform-templates?platform=Foo"
                                navigate={[Function]}
                              >
                                <a
                                  className="sc-AxiKw drCTeX"
                                  href="/platform/platform-templates?platform=Foo"
                                  onClick={[Function]}
                                >
                                  <Text
                                    className="pf-u-mb-0"
                                    component="h3"
                                  >
                                    <h3
                                      className="pf-u-mb-0"
                                      data-pf-content={true}
                                    >
                                      <styled.div>
                                        <div
                                          className="sc-AxirZ ZcaGf"
                                        />
                                      </styled.div>
                                    </h3>
                                  </Text>
                                  <TextContent
                                    className="pf-u-mb-md"
                                  >
                                    <div
                                      className="pf-c-content pf-u-mb-md"
                                    >
                                      <Text
                                        className="pf-u-mb-0"
                                        component="small"
                                      >
                                        <small
                                          className="pf-u-mb-0"
                                          data-pf-content={true}
                                        >
                                          Last refreshed Â 
                                          <DateFormat
                                            type="relative"
                                          >
                                            Invalid date
                                          </DateFormat>
                                        </small>
                                      </Text>
                                    </div>
                                  </TextContent>
                                </a>
                              </LinkAnchor>
                            </Link>
                          </Component>
                        </Styled(Component)>
                      </CatalogLink>
                    </div>
                  </TextContent>
                  <ItemDetails
                    toDisplay={
                      Array [
                        "description",
                        "modified",
                      ]
                    }
                  >
                    <Truncate
                      ellipsis={
                        <Tooltip
                          content={<div />}
                        >
                          <span>
                            ...
                          </span>
                        </Tooltip>
                      }
                      key="tcard-prop-description"
                      lines={3}
                      trimWhitespace={false}
                      width={0}
                    >
                      <span
                        width={0}
                      >
                        <span />
                        <span>
                          <styled.div
                            key="card-prop-description"
                          >
                            <div
                              className="sc-AxjAm hDziHm"
                            />
                          </styled.div>
                        </span>
                        <span
                          style={
                            Object {
                              "left": 0,
                              "position": "fixed",
                              "top": 0,
                              "visibility": "hidden",
                            }
                          }
                        >
                          <Tooltip
                            content={<div />}
                          >
                            <Popper
                              appendTo={[Function]}
                              distance={15}
                              enableFlip={true}
                              flipBehavior={
                                Array [
                                  "top",
                                  "right",
                                  "bottom",
                                  "left",
                                  "top",
                                  "right",
                                  "bottom",
                                ]
                              }
                              isVisible={false}
                              onBlur={[Function]}
                              onDocumentClick={false}
                              onDocumentKeyDown={[Function]}
                              onFocus={[Function]}
                              onMouseEnter={[Function]}
                              onMouseLeave={[Function]}
                              onTriggerEnter={[Function]}
                              placement="top"
                              popper={
                                <div
                                  className="pf-c-tooltip"
                                  id="pf-tooltip-1"
                                  role="tooltip"
                                  style={
                                    Object {
                                      "maxWidth": null,
                                      "opacity": 0,
                                      "transition": "opacity 300ms cubic-bezier(.54, 1.5, .38, 1.11)",
                                    }
                                  }
                                >
                                  <TooltipArrow />
                                  <TooltipContent
                                    isLeftAligned={false}
                                  >
                                    <div />
                                  </TooltipContent>
                                </div>
                              }
                              popperMatchesTriggerWidth={false}
                              positionModifiers={
                                Object {
                                  "bottom": "pf-m-bottom",
                                  "left": "pf-m-left",
                                  "right": "pf-m-right",
                                  "top": "pf-m-top",
                                }
                              }
                              trigger={
                                <span
                                  aria-describedby="pf-tooltip-1"
                                >
                                  ...
                                </span>
                              }
                              zIndex={9999}
                            >
                              <FindRefWrapper
                                onFoundRef={[Function]}
                              >
                                <span
                                  aria-describedby="pf-tooltip-1"
                                >
                                  ...
                                </span>
                              </FindRefWrapper>
                            </Popper>
                          </Tooltip>
                        </span>
                      </span>
                    </Truncate>
                    <Truncate
                      ellipsis={
                        <Tooltip
                          content={<div />}
                        >
                          <span>
                            ...
                          </span>
                        </Tooltip>
                      }
                      key="tcard-prop-modified"
                      lines={3}
                      trimWhitespace={false}
                      width={0}
                    >
                      <span
                        width={0}
                      >
                        <span />
                        <span>
                          <styled.div
                            key="card-prop-modified"
                          >
                            <div
                              className="sc-AxjAm hDziHm"
                            />
                          </styled.div>
                        </span>
                        <span
                          style={
                            Object {
                              "left": 0,
                              "position": "fixed",
                              "top": 0,
                              "visibility": "hidden",
                            }
                          }
                        >
                          <Tooltip
                            content={<div />}
                          >
                            <Popper
                              appendTo={[Function]}
                              distance={15}
                              enableFlip={true}
                              flipBehavior={
                                Array [
                                  "top",
                                  "right",
                                  "bottom",
                                  "left",
                                  "top",
                                  "right",
                                  "bottom",
                                ]
                              }
                              isVisible={false}
                              onBlur={[Function]}
                              onDocumentClick={false}
                              onDocumentKeyDown={[Function]}
                              onFocus={[Function]}
                              onMouseEnter={[Function]}
                              onMouseLeave={[Function]}
                              onTriggerEnter={[Function]}
                              placement="top"
                              popper={
                                <div
                                  className="pf-c-tooltip"
                                  id="pf-tooltip-2"
                                  role="tooltip"
                                  style={
                                    Object {
                                      "maxWidth": null,
                                      "opacity": 0,
                                      "transition": "opacity 300ms cubic-bezier(.54, 1.5, .38, 1.11)",
                                    }
                                  }
                                >
                                  <TooltipArrow />
                                  <TooltipContent
                                    isLeftAligned={false}
                                  >
                                    <div />
                                  </TooltipContent>
                                </div>
                              }
                              popperMatchesTriggerWidth={false}
                              positionModifiers={
                                Object {
                                  "bottom": "pf-m-bottom",
                                  "left": "pf-m-left",
                                  "right": "pf-m-right",
                                  "top": "pf-m-top",
                                }
                              }
                              trigger={
                                <span
                                  aria-describedby="pf-tooltip-2"
                                >
                                  ...
                                </span>
                              }
                              zIndex={9999}
                            >
                              <FindRefWrapper
                                onFoundRef={[Function]}
                              >
                                <span
                                  aria-describedby="pf-tooltip-2"
                                >
                                  ...
                                </span>
                              </FindRefWrapper>
                            </Popper>
                          </Tooltip>
                        </span>
                      </span>
                    </Truncate>
                  </ItemDetails>
                </div>
              </CardBody>
            </Styled(CardBody)>
            <CardFooter>
              <div
                className="pf-c-card__footer"
              >
                <Label
                  color="red"
                  variant="filled"
                >
                  <span
                    className="pf-c-label pf-m-red"
                  >
                    <span
                      className="pf-c-label__content"
                    >
                      Disabled
                    </span>
                  </span>
                </Label>
                Â 
                <Label
                  color="red"
                  variant="filled"
                >
                  <span
                    className="pf-c-label pf-m-red"
                  >
                    <span
                      className="pf-c-label__content"
                    >
                      Not available
                    </span>
                  </span>
                </Label>
              </div>
            </CardFooter>
          </article>
        </Card>
      </Styled(Card)>
    </div>
  </GalleryItem>
</PlatformCard>
`;
