// Jest Snapshot v1, https://goo.gl/fbAQLP

exports[`<PortfolioItem /> should render correctly 1`] = `
<PortfolioItem
  description="Bar"
  display_name="quux"
  id="1"
  name="Foo"
  orderUrl="/order"
>
  <GalleryItem>
    <div>
      <div
        className=" "
      >
        <Card
          className="content-gallery-card"
        >
          <article
            className="pf-c-card content-gallery-card"
          >
            <Link
              className="card-link"
              to="/order"
            >
              <a
                className="card-link"
                href="/order"
                onClick={[Function]}
              >
                <CardHeader
                  className="card_header"
                >
                  <div
                    className="pf-c-card__header pf-c-title pf-m-md card_header"
                  >
                    <CardIcon
                      height={40}
                      src="/api/catalog/v1.0/portfolio_items/1/icon"
                      style={Object {}}
                    >
                      <div
                        style={
                          Object {
                            "display": "inline-block",
                          }
                        }
                      >
                        <IconPlaceholder
                          style={
                            Object {
                              "height": 40,
                            }
                          }
                        >
                          <div
                            style={
                              Object {
                                "height": 40,
                              }
                            }
                          >
                            <svg
                              height="40"
                              width="40"
                            >
                              <circle
                                cx="20"
                                cy="20"
                                fill="#ecebeb"
                                r="20"
                              />
                            </svg>
                          </div>
                        </IconPlaceholder>
                        <t
                          afterLoad={[Function]}
                          beforeLoad={[Function]}
                          className="card-image hide"
                          delayMethod="throttle"
                          delayTime={300}
                          effect=""
                          height={0}
                          onError={[Function]}
                          onLoad={[Function]}
                          placeholderSrc=""
                          src="/api/catalog/v1.0/portfolio_items/1/icon"
                          style={
                            Object {
                              "height": 0,
                            }
                          }
                          threshold={100}
                          visibleByDefault={false}
                          wrapperClassName=""
                        >
                          <t
                            afterLoad={[Function]}
                            beforeLoad={[Function]}
                            className="card-image hide"
                            delayMethod="throttle"
                            delayTime={300}
                            height={0}
                            style={
                              Object {
                                "height": 0,
                              }
                            }
                            threshold={100}
                            visibleByDefault={false}
                          >
                            <img
                              className="card-image hide"
                              height={0}
                              onError={[Function]}
                              onLoad={[Function]}
                              src="/api/catalog/v1.0/portfolio_items/1/icon"
                              style={
                                Object {
                                  "height": 0,
                                }
                              }
                            />
                          </t>
                        </t>
                      </div>
                    </CardIcon>
                  </div>
                </CardHeader>
                <ServiceOfferingCardBody
                  description="Bar"
                  display_name="quux"
                  id="1"
                  name="Foo"
                  orderUrl="/order"
                >
                  <CardBody
                    style={
                      Object {
                        "height": 240,
                      }
                    }
                  >
                    <div
                      className="pf-c-card__body"
                      style={
                        Object {
                          "height": 240,
                        }
                      }
                    >
                      <TextContent>
                        <div
                          className="pf-c-content"
                        >
                          <Text
                            className="elipsis-text-overflow"
                            component="h3"
                            title="quux"
                          >
                            <h3
                              className="elipsis-text-overflow"
                              data-pf-content={true}
                              title="quux"
                            >
                              quux
                            </h3>
                          </Text>
                          <Text
                            component="small"
                          >
                            <small
                              className=""
                              data-pf-content={true}
                            >
                               
                            </small>
                          </Text>
                        </div>
                      </TextContent>
                      <ItemDetails
                        description="Bar"
                        id="1"
                        orderUrl="/order"
                        toDisplay={
                          Array [
                            "description",
                          ]
                        }
                      >
                        <Dotdotdot
                          clamp={6}
                          tagName="div"
                          truncationChar="…"
                          useNativeClamp={true}
                        >
                          <div>
                            <PropLine
                              key="card-prop-description"
                              value="Bar"
                            >
                              <div>
                                Bar
                              </div>
                            </PropLine>
                          </div>
                        </Dotdotdot>
                      </ItemDetails>
                    </div>
                  </CardBody>
                </ServiceOfferingCardBody>
                <CardFooter>
                  <div
                    className="pf-c-card__footer"
                  />
                </CardFooter>
              </a>
            </Link>
          </article>
        </Card>
      </div>
    </div>
  </GalleryItem>
</PortfolioItem>
`;
